Team,G,OP,xG Open Play,SP,xG Set Play,xG,Δ,Mins/ xG,A,xA,Δ.1,Mins/ xA,GC,xGC,Δ.2,Mins/ xGC,Mins/ xGC On Target,xGC OP,xGC SP,date
SHU,0,0,2.64,0,0.48,3.12,-3.12,31.4,0,1.58,-1.58,62.0,1,1.29,-0.29,76.0,108.9,0.4,0.9,28/11/2020
WBA,1,0,0.36,1,0.92,1.29,-0.29,76.0,0,1.02,-1.02,96.1,0,3.12,-3.12,31.4,89.1,2.6,0.5,28/11/2020
