Team,G,OP,xG Open Play,SP,xG Set Play,xG,Δ,Mins/ xG,A,xA,Δ.1,Mins/ xA,GC,xGC,Δ.2,Mins/ xGC,Mins/ xGC On Target,xGC OP,xGC SP,date
CRY,0,0,0.12,0,0.19,0.31,-0.31,296.8,0,0.34,-0.34,270.6,7,2.56,4.44,35.9,23.0,2.0,0.5,19/12/2020
LIV,7,4,2.05,1,0.51,2.56,4.44,35.9,7,1.09,5.91,84.4,0,0.31,-0.31,296.8,306.7,0.1,0.2,19/12/2020
