Team,G,OP,xG Open Play,SP,xG Set Play,xG,Δ,Mins/ xG,A,xA,Δ.1,Mins/ xA,GC,xGC,Δ.2,Mins/ xGC,Mins/ xGC On Target,xGC OP,xGC SP,date
LEE,2,1,1.56,1,0.23,1.78,0.22,52.8,2,1.24,0.76,75.8,6,3.65,2.35,25.8,26.1,2.3,0.6,20/12/2020
MUN,6,3,2.26,1,0.6,3.65,2.35,25.8,4,1.1,2.9,85.5,2,1.78,0.22,52.8,55.3,1.6,0.2,20/12/2020
