Team,G,OP,xG Open Play,SP,xG Set Play,xG,Δ,Mins/ xG,A,xA,Δ.1,Mins/ xA,GC,xGC,Δ.2,Mins/ xGC,Mins/ xGC On Target,xGC OP,xGC SP,date
BUR,0,0,1.07,0,0.46,1.54,-1.54,61.0,0,1.36,-1.36,69.1,1,1.9,-0.9,49.5,47.0,1.1,0.0,27/12/2020
LEE,1,0,1.09,0,0.02,1.9,-0.9,49.5,0,0.81,-0.81,116.0,0,1.54,-1.54,61.0,117.5,1.1,0.5,27/12/2020
