Team,G,OP,xG Open Play,SP,xG Set Play,xG,Δ,Mins/ xG,A,xA,Δ.1,Mins/ xA,GC,xGC,Δ.2,Mins/ xGC,Mins/ xGC On Target,xGC OP,xGC SP,date
EVE,0,0,0.18,0,0.22,0.41,-0.41,229.3,0,0.68,-0.68,138.2,1,1.38,-0.38,68.1,67.1,1.0,0.3,01/01/2021
WHU,1,1,1.05,0,0.34,1.38,-0.38,68.1,0,0.51,-0.51,184.3,0,0.41,-0.41,229.3,470.0,0.2,0.2,01/01/2021
