Team,G,OP,xG Open Play,SP,xG Set Play,xG,Δ,Mins/ xG,A,xA,Δ.1,Mins/ xA,GC,xGC,Δ.2,Mins/ xGC,Mins/ xGC On Target,xGC OP,xGC SP,date
WBA,3,0,0.36,1,0.44,2.38,0.62,39.9,1,0.3,0.7,316.7,2,1.51,0.49,62.9,118.8,0.7,0.8,16/01/2021
WOL,2,0,0.71,2,0.8,1.51,0.49,62.9,1,1.41,-0.41,67.4,3,2.38,0.62,39.9,31.7,0.4,0.4,16/01/2021
