Team,G,OP,xG Open Play,SP,xG Set Play,xG,Δ,Mins/ xG,A,xA,Δ.1,Mins/ xA,GC,xGC,Δ.2,Mins/ xGC,Mins/ xGC On Target,xGC OP,xGC SP,date
LIV,3,3,2.46,0,0.0,2.46,0.54,39.0,2,1.46,0.54,65.8,1,0.14,0.86,685.7,240,0.1,0,28/01/2021
TOT,1,1,0.14,0,0.0,0.14,0.86,685.7,1,0.17,0.83,564.7,3,2.46,0.54,39.0,32,2.5,0,28/01/2021
