Team,G,OP,xG Open Play,SP,xG Set Play,xG,Δ,Mins/ xG,A,xA,Δ.1,Mins/ xA,GC,xGC,Δ.2,Mins/ xGC,Mins/ xGC On Target,xGC OP,xGC SP,date
BHA,0,0,1.41,0,0.39,1.8,-1.8,51.7,0,2.62,-2.62,35.5,0,0.49,-0.49,189.8,310.0,0.5,0.0,27/01/2021
FUL,0,0,0.49,0,0.0,0.49,-0.49,189.8,0,0.37,-0.37,251.4,0,1.8,-1.8,51.7,66.4,1.4,0.4,27/01/2021
