Team,G,OP,xG Open Play,SP,xG Set Play,xG,Δ,Mins/ xG,A,xA,Δ.1,Mins/ xA,GC,xGC,Δ.2,Mins/ xGC,Mins/ xGC On Target,xGC OP,xGC SP,date
ARS,0,0,0.55,0,0.31,0.86,-0.86,112.8,0,0.31,-0.31,312.9,0,1.69,-1.69,57.4,161.7,1.4,0.2,30/01/2021
MUN,0,0,1.44,0,0.25,1.69,-1.69,57.4,0,0.95,-0.95,102.1,0,0.86,-0.86,112.8,323.3,0.6,0.3,30/01/2021
