Team,G,OP,xG Open Play,SP,xG Set Play,xG,Δ,Mins/ xG,A,xA,Δ.1,Mins/ xA,GC,xGC,Δ.2,Mins/ xGC,Mins/ xGC On Target,xGC OP,xGC SP,date
BHA,1,1,0.93,0,0.37,1.29,-0.29,73.6,1,0.35,0.65,271.4,0,0.99,-0.99,96.0,inf,1.0,0.0,03/02/2021
LIV,0,0,0.99,0,0.0,0.99,-0.99,96.0,0,0.7,-0.7,135.7,1,1.29,-0.29,73.6,79.2,0.9,0.4,03/02/2021
