Team,G,OP,xG Open Play,SP,xG Set Play,xG,Δ,Mins/ xG,A,xA,Δ.1,Mins/ xA,GC,xGC,Δ.2,Mins/ xGC,Mins/ xGC On Target,xGC OP,xGC SP,date
FUL,0,0,1.2,0,0.3,1.5,-1.5,66.0,0,1.03,-1.03,96.1,0,1.04,-1.04,95.2,330,0.6,0.4,06/02/2021
WHU,0,0,0.61,0,0.43,1.04,-1.04,95.2,0,1.04,-1.04,95.2,0,1.5,-1.5,66.0,990,1.2,0.3,06/02/2021
