Team,G,OP,xG Open Play,SP,xG Set Play,xG,Δ,Mins/ xG,A,xA,Δ.1,Mins/ xA,GC,xGC,Δ.2,Mins/ xGC,Mins/ xGC On Target,xGC OP,xGC SP,date
FUL,1,0,1.33,1,0.05,1.38,-0.38,70.3,0,0.32,-0.32,303.1,0,0.86,-0.86,112.8,323.3,0.6,0.3,07/03/2021
LIV,0,0,0.57,0,0.29,0.86,-0.86,112.8,0,0.67,-0.67,144.8,1,1.38,-0.38,70.3,48.5,1.3,0.0,07/03/2021
