Team,G,OP,xG Open Play,SP,xG Set Play,xG,Δ,Mins/ xG,A,xA,Δ.1,Mins/ xA,GC,xGC,Δ.2,Mins/ xGC,Mins/ xGC On Target,xGC OP,xGC SP,date
NEW,0,0,0.28,0,0.19,0.47,-0.47,200.0,0,0.41,-0.41,229.3,0,1.98,-1.98,47.5,156.7,0.9,1.1,07/03/2021
WBA,0,0,0.89,0,1.08,1.98,-1.98,47.5,0,1.27,-1.27,74.0,0,0.47,-0.47,200.0,94.0,0.3,0.2,07/03/2021
