Team,G,OP,xG Open Play,SP,xG Set Play,xG,Δ,Mins/ xG,A,xA,Δ.1,Mins/ xA,GC,xGC,Δ.2,Mins/ xGC,Mins/ xGC On Target,xGC OP,xGC SP,date
BHA,3,2,0.96,0,0.02,1.78,1.22,52.8,2,0.5,1.5,188.0,0,0.52,-0.52,180.8,inf,0.5,0.1,20/09/2020
NEW,0,0,0.46,0,0.05,0.52,-0.52,180.8,0,0.51,-0.51,184.3,3,1.78,1.22,52.8,37.6,1.0,0.0,20/09/2020
