Team,G,OP,xG Open Play,SP,xG Set Play,xG,Δ,Mins/ xG,A,xA,Δ.1,Mins/ xA,GC,xGC,Δ.2,Mins/ xGC,Mins/ xGC On Target,xGC OP,xGC SP,date
ARS,0,0,0.11,0,0.01,0.12,-0.12,783.3,0,0.19,-0.19,494.7,3,2.38,0.62,39.5,33.6,2.3,0.1,03/04/2021
LIV,3,3,2.26,0,0.13,2.38,0.62,39.5,2,1.53,0.47,61.4,0,0.12,-0.12,783.3,156.7,0.1,0.0,03/04/2021
