Team,G,OP,xG Open Play,SP,xG Set Play,xG,Δ,Mins/ xG,A,xA,Δ.1,Mins/ xA,GC,xGC,Δ.2,Mins/ xGC,Mins/ xGC On Target,xGC OP,xGC SP,date
MUN,3,3,2.06,0,0.05,2.11,0.89,46.0,2,1.5,0.5,64.7,1,0.87,0.13,111.5,97.0,0.7,0.2,11/04/2021
TOT,1,1,0.66,0,0.2,0.87,0.13,111.5,1,0.48,0.52,202.1,3,2.11,0.89,46.0,51.1,2.1,0.0,11/04/2021
