Team,G,OP,xG Open Play,SP,xG Set Play,xG,Δ,Mins/ xG,A,xA,Δ.1,Mins/ xA,GC,xGC,Δ.2,Mins/ xGC,Mins/ xGC On Target,xGC OP,xGC SP,date
CHE,4,3,2.64,1,0.49,3.13,0.87,29.4,3,1.52,1.48,60.5,1,0.38,0.62,242.1,115.0,0.4,0.0,10/04/2021
CRY,1,1,0.38,0,0.0,0.38,0.62,242.1,1,0.37,0.63,248.6,4,3.13,0.87,29.4,23.6,2.6,0.5,10/04/2021
