Team,G,OP,xG Open Play,SP,xG Set Play,xG,Δ,Mins/ xG,A,xA,Δ.1,Mins/ xA,GC,xGC,Δ.2,Mins/ xGC,Mins/ xGC On Target,xGC OP,xGC SP,date
BHA,0,0,1.91,0,0.1,2.01,-2.01,47.3,0,1.41,-1.41,67.4,1,0.74,0.26,128.4,95.0,0.7,0.0,24/04/2021
SHU,1,1,0.72,0,0.02,0.74,0.26,128.4,0,0.31,-0.31,306.5,0,2.01,-2.01,47.3,158.3,1.9,0.1,24/04/2021
