Team,G,OP,xG Open Play,SP,xG Set Play,xG,Δ,Mins/ xG,A,xA,Δ.1,Mins/ xA,GC,xGC,Δ.2,Mins/ xGC,Mins/ xGC On Target,xGC OP,xGC SP,date
BUR,1,0,1.27,0,0.17,2.23,-1.23,42.2,0,0.41,-0.41,229.3,2,2.33,-0.33,40.3,52.2,2.0,0.3,03/05/2021
WHU,2,2,1.98,0,0.34,2.33,-0.33,40.3,2,1.5,0.5,62.7,1,2.23,-1.23,42.2,94.0,1.3,0.2,03/05/2021
