Team,G,OP,xG Open Play,SP,xG Set Play,xG,Δ,Mins/ xG,A,xA,Δ.1,Mins/ xA,GC,xGC,Δ.2,Mins/ xGC,Mins/ xGC On Target,xGC OP,xGC SP,date
CHE,2,2,0.59,0,0.07,0.66,1.34,143.9,2,0.65,1.35,146.2,1,1.8,-0.8,52.8,50.0,0.9,0.1,08/05/2021
MCI,1,1,0.91,0,0.1,1.8,-0.8,52.8,1,1.28,-0.28,74.2,2,0.66,1.34,143.9,86.4,0.6,0.1,08/05/2021
