Team,G,OP,xG Open Play,SP,xG Set Play,xG,Δ,Mins/ xG,A,xA,Δ.1,Mins/ xA,GC,xGC,Δ.2,Mins/ xGC,Mins/ xGC On Target,xGC OP,xGC SP,date
NEW,1,1,1.35,0,0.3,1.65,-0.65,59.4,1,0.84,0.16,116.7,0,0.94,-0.94,104.3,980,0.6,0.4,19/05/2021
SHU,0,0,0.57,0,0.37,0.94,-0.94,104.3,0,0.57,-0.57,171.9,1,1.65,-0.65,59.4,98,1.4,0.3,19/05/2021
