Team,G,OP,xG Open Play,SP,xG Set Play,xG,Δ,Mins/ xG,A,xA,Δ.1,Mins/ xA,GC,xGC,Δ.2,Mins/ xGC,Mins/ xGC On Target,xGC OP,xGC SP,date
ARS,2,2,0.6,0,0.17,0.77,1.23,120.8,2,1.09,0.91,85.3,0,0.2,-0.2,465.0,930.0,0.2,0.0,23/05/2021
BHA,0,0,0.2,0,0.0,0.2,-0.2,465.0,0,0.26,-0.26,357.7,2,0.77,1.23,120.8,103.3,0.6,0.2,23/05/2021
