Team,G,OP,xG Open Play,SP,xG Set Play,xG,Δ,Mins/ xG,A,xA,Δ.1,Mins/ xA,GC,xGC,Δ.2,Mins/ xGC,Mins/ xGC On Target,xGC OP,xGC SP,date
AVL,2,0,0.15,1,0.12,1.05,0.95,91.4,1,0.37,0.63,259.5,1,3.28,-2.28,29.3,48.0,3.1,0.2,23/05/2021
CHE,1,1,3.08,0,0.21,3.28,-2.28,29.3,1,2.07,-1.07,46.4,2,1.05,0.95,91.4,50.5,0.1,0.1,23/05/2021
