Team,G,OP,xG Open Play,SP,xG Set Play,xG,Δ,Mins/ xG,A,xA,Δ.1,Mins/ xA,GC,xGC,Δ.2,Mins/ xGC,Mins/ xGC On Target,xGC OP,xGC SP,date
LEI,2,0,0.21,0,0.12,1.9,0.1,51.1,0,0.46,-0.46,210.9,4,1.5,2.5,64.7,88.2,1.3,0.2,23/05/2021
TOT,4,2,1.29,2,0.21,1.5,2.5,64.7,1,1.09,-0.09,89.0,2,1.9,0.1,51.1,32.3,0.2,0.1,23/05/2021
