Team,G,OP,xG Open Play,SP,xG Set Play,xG,Δ,Mins/ xG,A,xA,Δ.1,Mins/ xA,GC,xGC,Δ.2,Mins/ xGC,Mins/ xGC On Target,xGC OP,xGC SP,date
AVL,3,2,0.97,1,0.46,1.42,1.58,66.2,3,1.49,1.51,63.1,0,0.72,-0.72,130.6,313.3,0.6,0.1,28/09/2020
FUL,0,0,0.62,0,0.1,0.72,-0.72,130.6,0,0.84,-0.84,111.9,3,1.42,1.58,66.2,52.2,1.0,0.5,28/09/2020
