Team,G,OP,xG Open Play,SP,xG Set Play,xG,Δ,Mins/ xG,A,xA,Δ.1,Mins/ xA,GC,xGC,Δ.2,Mins/ xGC,Mins/ xGC On Target,xGC OP,xGC SP,date
AVL,0,0,1.37,0,0.08,1.45,-1.45,65.5,0,0.63,-0.63,150.8,3,2.75,0.25,34.5,35.2,2.4,0.4,23/10/2020
LEE,3,3,2.37,0,0.37,2.75,0.25,34.5,2,2.06,-0.06,46.1,0,1.45,-1.45,65.5,158.3,1.4,0.1,23/10/2020
