Team,G,OP,xG Open Play,SP,xG Set Play,xG,Δ,Mins/ xG,A,xA,Δ.1,Mins/ xA,GC,xGC,Δ.2,Mins/ xGC,Mins/ xGC On Target,xGC OP,xGC SP,date
LEE,1,0,1.95,1,0.18,2.13,-1.13,44.6,1,1.19,-0.19,79.8,4,2.86,1.14,33.2,25,2.1,0.0,02/11/2020
LEI,4,3,2.07,0,0.0,2.86,1.14,33.2,2,1.29,0.71,73.6,1,2.13,-1.13,44.6,50,1.9,0.2,02/11/2020
