Team,G,OP,xG Open Play,SP,xG Set Play,xG,Δ,Mins/ xG,A,xA,Δ.1,Mins/ xA,GC,xGC,Δ.2,Mins/ xGC,Mins/ xGC On Target,xGC OP,xGC SP,date
ARS,0,0,1.12,0,0.35,1.47,-1.47,63.9,0,0.6,-0.6,156.7,3,1.81,1.19,51.9,58.8,1.7,0.1,08/11/2020
AVL,3,2,1.74,0,0.07,1.81,1.19,51.9,2,1.11,0.89,84.7,0,1.47,-1.47,63.9,156.7,1.1,0.3,08/11/2020
